
> beloop-pos-enterprise@1.0.0 build
> next build

node.exe :  ΓÜá 
Warning: Next.js 
inferred your 
workspace root, but 
it may not be 
correct.
At line:1 char:1
+ & "C:\Program File
s\nodejs/node.exe" 
"C:\Program Files\no
dejs/node_mo ...
+ ~~~~~~~~~~~~~~~~~~
~~~~~~~~~~~~~~~~~~~~
~~~~~~~~~~~~~~~~~~~~
~~~~~~~~~~~
    + CategoryInfo  
            : NotS  
  pecified: ( ΓÜá   
  Warning: N...n    
ot be correct.:    
String) [], Rem    
oteException
    + FullyQualifie 
   dErrorId : Nati  
  veCommandError
 
 We detected 
multiple lockfiles 
and selected the 
directory of N:\test
\package-lock.json 
as the root 
directory.
 To silence this 
warning, set 
`turbopack.root` in 
your Next.js 
config, or consider 
removing one of the 
lockfiles if it's 
not needed.
   See https://nextj
s.org/docs/app/api-r
eference/config/next
-config-js/turbopack
#root-directory for 
more information.
 Detected 
additional 
lockfiles: 
   * N:\test\BEloop 
POS\package-lock.jso
n

   Γû▓ Next.js 16.0.7 (Turbopack)
   - Environments: .env.local, .env

 ΓÜá The 
"middleware" file 
convention is 
deprecated. Please 
use "proxy" 
instead. Learn 
more: https://nextjs
.org/docs/messages/m
iddleware-to-proxy
   Creating an optimized production build ...

> Build error 
occurred
Error: Turbopack 
build failed with 1 
errors:
./BEloop POS/src/com
ponents/LoyaltyModal
.tsx:129:43
Parsing ecmascript 
source code failed
[0m [90m 127 
|[39m              
                    
               [33m
<[39m[33m/[39m[3
3mbutton[39m[33m>
[39m
 [90m 128 |[39m   
                    
                    
  [33m<[39m[33m/
[39m[33mdiv[39m[3
3m>[39m
[31m[1m>[22m[39m
[90m 129 |[39m    
                    
                 ) 
[33m:[39m (
 [90m     |[39m   
                    
                    
[31m[1m^[22m[39m
 [90m 130 |[39m   
                    
                  [
33m<[39m[33mdiv[3
9m className[33m=[
39m[32m"text-center
 text-gray-400 text-
sm"[39m[33m>[39m
 [90m 131 |[39m   
                    
                    
  [33mKeep[39m 
visiting to earn 
rewards[33m![39m
 [90m 132 |[39m   
                    
                  [
33m<[39m[33m/[39m
[33mdiv[39m[33m>
[39m[0m

Expected '</', got 
':'

Import traces:
  Client Component 
Browser:
    ./BEloop POS/src
/components/LoyaltyM
odal.tsx [Client 
Component Browser]
    ./BEloop POS/src
/app/page.tsx 
[Client Component 
Browser]
    ./BEloop POS/src
/app/page.tsx 
[Server Component]

  Client Component 
SSR:
    ./BEloop POS/src
/components/LoyaltyM
odal.tsx [Client 
Component SSR]
    ./BEloop POS/src
/app/page.tsx 
[Client Component 
SSR]
    ./BEloop POS/src
/app/page.tsx 
[Server Component]


    at <unknown> 
(./BEloop POS/src/co
mponents/LoyaltyModa
l.tsx:129:43)
